Pixel: [490, 360] Ray: {0 0 14} -> {0.3257 0.2302 -0.917}
