Pixel: [170, 360] Ray: {0 0 14} -> {-0.2892 0.2331 -0.9285}
