Pixel: [320, 300] Ray: {0 0 14} -> {0.001033 0.1251 -0.9921}
T = 12.92
Object Type: Sphere
Color: 1 0 1
