Pixel: [320, 160] Ray: {0 0 14} -> {0.001028 -0.1634 -0.9866}
T = 24.48
Object Type: Plane
Color: 0.2 0.2 0.8
