Camera:
- Location: {0 0 16}
- Up: {0 1 0}
- Right: {1.333 0 0}
- Look at: {0 0 0}

---

1 light(s)

Light[0]:
- Location: {0 4 0}
- Color: {1 1 1}

---

5 object(s)

Object[0]:
- Type: Plane
- Normal: {-1 0 0}
- Distance: -6
- Color: {0.2 0.2 0.8}
- Material:
  - Ambient: 0.4
  - Diffuse: 0.8

Object[1]:
- Type: Plane
- Normal: {0 1 0}
- Distance: -6
- Color: {0.15 0.2 0.8}
- Material:
  - Ambient: 0.4
  - Diffuse: 0.8

Object[2]:
- Type: Plane
- Normal: {0 0 1}
- Distance: -6
- Color: {0.2 0.2 0.8}
- Material:
  - Ambient: 0.4
  - Diffuse: 0.8

Object[3]:
- Type: Plane
- Normal: {1 0 0}
- Distance: -5
- Color: {0.15 0.2 0.8}
- Material:
  - Ambient: 0.4
  - Diffuse: 0.8

Object[4]:
- Type: Sphere
- Center: {-5 3 0}
- Radius: 1.1
- Color: {0.12 0.34 0.56}
- Material:
  - Ambient: 0.2
  - Diffuse: 0.4
