Pixel: [135, 340] Ray: {0 0 14} -> {-0.3521 0.1918 -0.9161}
T = 14.24
Object Type: Sphere
Color: 0.12 0.34 0.56
