Pixel: [230, 240] Ray: {0 0 14} -> {-0.1833 0.001024 -0.9831}
T = 16.59
Object Type: Sphere
Color: 0.25 0.25 0.25
