Pixel: [270, 240] Ray: {0 0 14} -> {-0.1026 0.001036 -0.9947}
T = 13.83
Object Type: Sphere
Color: 0 0 0
