Camera:
- Location: {0 0 14}
- Up: {0 1 0}
- Right: {1.333 0 0}
- Look at: {0 0 0}

---

1 light(s)

Light[0]:
- Location: {-100 100 100}
- Color: {1.5 1.5 1.5}

---

2 object(s)

Object[0]:
- Type: Sphere
- Center: {0 0 0}
- Radius: 2
- Color: {1 0 1}
- Material:
  - Ambient: 0.2
  - Diffuse: 0.4

Object[1]:
- Type: Plane
- Normal: {0 1 0}
- Distance: -4
- Color: {0.2 0.2 0.8}
- Material:
  - Ambient: 0.4
  - Diffuse: 0.8
