Pixel: [170, 120] Ray: {0 0 14} -> {-0.2893 -0.2313 -0.9289}
