Pixel: [320, 240] Ray: {0 0 14} -> {0.001042 0.001042 -1}
T = 12.99
Object Type: Sphere
Color: 1 1 1
