Pixel: [320, 240] Ray: {0 0 14} -> {0.001042 0.001042 -1}
