Pixel: [490, 120] Ray: {0 0 14} -> {0.3259 -0.2284 -0.9174}
